
> frontend@0.0.0 build
> vite build

[36mvite v5.4.10 [32mbuilding for production...[36m[39m
transforming...
[32m✓[39m 23 modules transformed.
[31mx[39m Build failed in 702ms
[31merror during build:
[31m[vite]: Rollup failed to resolve import "lucide-react" from "E:/College/College (Codes)/5th Semester/GreatStack React/Food_Delivery_Website/frontend/src/pages/Cart/Cart.jsx".
This is most likely unintended because it can break your application at runtime.
If you do want to externalize this module explicitly add it to
`build.rollupOptions.external`[31m
    at viteWarn (file:///E:/College/College%20(Codes)/5th%20Semester/GreatStack%20React/Food_Delivery_Website/frontend/node_modules/vite/dist/node/chunks/dep-BWSbWtLw.js:65589:17)
    at onwarn (file:///E:/College/College%20(Codes)/5th%20Semester/GreatStack%20React/Food_Delivery_Website/frontend/node_modules/@vitejs/plugin-react/dist/index.mjs:280:9)
    at onRollupWarning (file:///E:/College/College%20(Codes)/5th%20Semester/GreatStack%20React/Food_Delivery_Website/frontend/node_modules/vite/dist/node/chunks/dep-BWSbWtLw.js:65619:5)
    at onwarn (file:///E:/College/College%20(Codes)/5th%20Semester/GreatStack%20React/Food_Delivery_Website/frontend/node_modules/vite/dist/node/chunks/dep-BWSbWtLw.js:65284:7)
    at file:///E:/College/College%20(Codes)/5th%20Semester/GreatStack%20React/Food_Delivery_Website/frontend/node_modules/rollup/dist/es/shared/node-entry.js:19452:13
    at Object.logger [as onLog] (file:///E:/College/College%20(Codes)/5th%20Semester/GreatStack%20React/Food_Delivery_Website/frontend/node_modules/rollup/dist/es/shared/node-entry.js:21178:9)
    at ModuleLoader.handleInvalidResolvedId (file:///E:/College/College%20(Codes)/5th%20Semester/GreatStack%20React/Food_Delivery_Website/frontend/node_modules/rollup/dist/es/shared/node-entry.js:20067:26)
    at file:///E:/College/College%20(Codes)/5th%20Semester/GreatStack%20React/Food_Delivery_Website/frontend/node_modules/rollup/dist/es/shared/node-entry.js:20025:26[39m
